2026-01-27T22:15:13.1821840Z Current runner version: '2.331.0'
2026-01-27T22:15:13.1855517Z ##[group]Runner Image Provisioner
2026-01-27T22:15:13.1856678Z Hosted Compute Agent
2026-01-27T22:15:13.1857777Z Version: 20260115.477
2026-01-27T22:15:13.1858837Z Commit: 4b342d620503cbe250a3154040964899ea7c9b00
2026-01-27T22:15:13.1860150Z Build Date: 2026-01-15T22:32:41Z
2026-01-27T22:15:13.1861408Z Worker ID: {5e51b823-8e8e-4be8-ae18-3fe3cacfb5d7}
2026-01-27T22:15:13.1862606Z Azure Region: eastus2
2026-01-27T22:15:13.1863509Z ##[endgroup]
2026-01-27T22:15:13.1866365Z ##[group]Operating System
2026-01-27T22:15:13.1867344Z Ubuntu
2026-01-27T22:15:13.1868064Z 24.04.3
2026-01-27T22:15:13.1869037Z LTS
2026-01-27T22:15:13.1870096Z ##[endgroup]
2026-01-27T22:15:13.1871014Z ##[group]Runner Image
2026-01-27T22:15:13.1871975Z Image: ubuntu-24.04
2026-01-27T22:15:13.1872813Z Version: 20260119.4.1
2026-01-27T22:15:13.1874890Z Included Software: https://github.com/actions/runner-images/blob/ubuntu24/20260119.4/images/ubuntu/Ubuntu2404-Readme.md
2026-01-27T22:15:13.1877459Z Image Release: https://github.com/actions/runner-images/releases/tag/ubuntu24%2F20260119.4
2026-01-27T22:15:13.1879292Z ##[endgroup]
2026-01-27T22:15:13.1881311Z ##[group]GITHUB_TOKEN Permissions
2026-01-27T22:15:13.1884176Z Contents: read
2026-01-27T22:15:13.1885042Z Metadata: read
2026-01-27T22:15:13.1885850Z Packages: read
2026-01-27T22:15:13.1886848Z ##[endgroup]
2026-01-27T22:15:13.1889981Z Secret source: Actions
2026-01-27T22:15:13.1891130Z Prepare workflow directory
2026-01-27T22:15:13.2364015Z Prepare all required actions
2026-01-27T22:15:13.2420382Z Getting action download info
2026-01-27T22:15:13.4628164Z Download action repository 'actions/checkout@v4' (SHA:34e114876b0b11c390a56381ad16ebd13914f8d5)
2026-01-27T22:15:13.5998555Z Download action repository 'actions/cache@v4' (SHA:0057852bfaa89a56745cba8c7296529d2fc39830)
2026-01-27T22:15:13.7953449Z Complete job name: analyze-and-test
2026-01-27T22:15:13.8623760Z ##[group]Run actions/checkout@v4
2026-01-27T22:15:13.8624568Z with:
2026-01-27T22:15:13.8624988Z   repository: Einars-Apps/Matsjekk
2026-01-27T22:15:13.8625627Z   token: ***
2026-01-27T22:15:13.8625993Z   ssh-strict: true
2026-01-27T22:15:13.8626378Z   ssh-user: git
2026-01-27T22:15:13.8626763Z   persist-credentials: true
2026-01-27T22:15:13.8627193Z   clean: true
2026-01-27T22:15:13.8627578Z   sparse-checkout-cone-mode: true
2026-01-27T22:15:13.8628037Z   fetch-depth: 1
2026-01-27T22:15:13.8628400Z   fetch-tags: false
2026-01-27T22:15:13.8628787Z   show-progress: true
2026-01-27T22:15:13.8629164Z   lfs: false
2026-01-27T22:15:13.8629675Z   submodules: false
2026-01-27T22:15:13.8630070Z   set-safe-directory: true
2026-01-27T22:15:13.8630729Z ##[endgroup]
2026-01-27T22:15:13.9680337Z Syncing repository: Einars-Apps/Matsjekk
2026-01-27T22:15:13.9682035Z ##[group]Getting Git version info
2026-01-27T22:15:13.9682699Z Working directory is '/home/runner/work/Matsjekk/Matsjekk'
2026-01-27T22:15:13.9683682Z [command]/usr/bin/git version
2026-01-27T22:15:13.9784971Z git version 2.52.0
2026-01-27T22:15:13.9809705Z ##[endgroup]
2026-01-27T22:15:13.9823388Z Temporarily overriding HOME='/home/runner/work/_temp/9ca6e8c6-c81b-453c-b4c8-95d36d5ad655' before making global git config changes
2026-01-27T22:15:13.9824831Z Adding repository directory to the temporary git global config as a safe directory
2026-01-27T22:15:13.9828281Z [command]/usr/bin/git config --global --add safe.directory /home/runner/work/Matsjekk/Matsjekk
2026-01-27T22:15:13.9864475Z Deleting the contents of '/home/runner/work/Matsjekk/Matsjekk'
2026-01-27T22:15:13.9867842Z ##[group]Initializing the repository
2026-01-27T22:15:13.9871741Z [command]/usr/bin/git init /home/runner/work/Matsjekk/Matsjekk
2026-01-27T22:15:13.9992427Z hint: Using 'master' as the name for the initial branch. This default branch name
2026-01-27T22:15:13.9993770Z hint: will change to "main" in Git 3.0. To configure the initial branch name
2026-01-27T22:15:13.9994715Z hint: to use in all of your new repositories, which will suppress this warning,
2026-01-27T22:15:13.9995637Z hint: call:
2026-01-27T22:15:13.9995980Z hint:
2026-01-27T22:15:13.9996524Z hint: 	git config --global init.defaultBranch <name>
2026-01-27T22:15:13.9997449Z hint:
2026-01-27T22:15:13.9998131Z hint: Names commonly chosen instead of 'master' are 'main', 'trunk' and
2026-01-27T22:15:13.9999006Z hint: 'development'. The just-created branch can be renamed via this command:
2026-01-27T22:15:13.9999932Z hint:
2026-01-27T22:15:14.0000298Z hint: 	git branch -m <name>
2026-01-27T22:15:14.0000733Z hint:
2026-01-27T22:15:14.0001308Z hint: Disable this message with "git config set advice.defaultBranchName false"
2026-01-27T22:15:14.0002485Z Initialized empty Git repository in /home/runner/work/Matsjekk/Matsjekk/.git/
2026-01-27T22:15:14.0007927Z [command]/usr/bin/git remote add origin https://github.com/Einars-Apps/Matsjekk
2026-01-27T22:15:14.0043705Z ##[endgroup]
2026-01-27T22:15:14.0044933Z ##[group]Disabling automatic garbage collection
2026-01-27T22:15:14.0048433Z [command]/usr/bin/git config --local gc.auto 0
2026-01-27T22:15:14.0076730Z ##[endgroup]
2026-01-27T22:15:14.0077929Z ##[group]Setting up auth
2026-01-27T22:15:14.0084204Z [command]/usr/bin/git config --local --name-only --get-regexp core\.sshCommand
2026-01-27T22:15:14.0114837Z [command]/usr/bin/git submodule foreach --recursive sh -c "git config --local --name-only --get-regexp 'core\.sshCommand' && git config --local --unset-all 'core.sshCommand' || :"
2026-01-27T22:15:14.0456187Z [command]/usr/bin/git config --local --name-only --get-regexp http\.https\:\/\/github\.com\/\.extraheader
2026-01-27T22:15:14.0485616Z [command]/usr/bin/git submodule foreach --recursive sh -c "git config --local --name-only --get-regexp 'http\.https\:\/\/github\.com\/\.extraheader' && git config --local --unset-all 'http.https://github.com/.extraheader' || :"
2026-01-27T22:15:14.0699351Z [command]/usr/bin/git config --local --name-only --get-regexp ^includeIf\.gitdir:
2026-01-27T22:15:14.0736964Z [command]/usr/bin/git submodule foreach --recursive git config --local --show-origin --name-only --get-regexp remote.origin.url
2026-01-27T22:15:14.0954236Z [command]/usr/bin/git config --local http.https://github.com/.extraheader AUTHORIZATION: basic ***
2026-01-27T22:15:14.0986301Z ##[endgroup]
2026-01-27T22:15:14.0987542Z ##[group]Fetching the repository
2026-01-27T22:15:14.0996171Z [command]/usr/bin/git -c protocol.version=2 fetch --no-tags --prune --no-recurse-submodules --depth=1 origin +fb3e8d79ed9a274e6f0bf0038d04125d871ac190:refs/remotes/pull/5/merge
2026-01-27T22:15:14.3895922Z From https://github.com/Einars-Apps/Matsjekk
2026-01-27T22:15:14.3897222Z  * [new ref]         fb3e8d79ed9a274e6f0bf0038d04125d871ac190 -> pull/5/merge
2026-01-27T22:15:14.3929979Z ##[endgroup]
2026-01-27T22:15:14.3931069Z ##[group]Determining the checkout info
2026-01-27T22:15:14.3932280Z ##[endgroup]
2026-01-27T22:15:14.3936785Z [command]/usr/bin/git sparse-checkout disable
2026-01-27T22:15:14.3977510Z [command]/usr/bin/git config --local --unset-all extensions.worktreeConfig
2026-01-27T22:15:14.4002679Z ##[group]Checking out the ref
2026-01-27T22:15:14.4005796Z [command]/usr/bin/git checkout --progress --force refs/remotes/pull/5/merge
2026-01-27T22:15:14.4444481Z Note: switching to 'refs/remotes/pull/5/merge'.
2026-01-27T22:15:14.4445449Z 
2026-01-27T22:15:14.4446187Z You are in 'detached HEAD' state. You can look around, make experimental
2026-01-27T22:15:14.4447695Z changes and commit them, and you can discard any commits you make in this
2026-01-27T22:15:14.4448752Z state without impacting any branches by switching back to a branch.
2026-01-27T22:15:14.4449366Z 
2026-01-27T22:15:14.4450100Z If you want to create a new branch to retain commits you create, you may
2026-01-27T22:15:14.4451216Z do so (now or later) by using -c with the switch command. Example:
2026-01-27T22:15:14.4452040Z 
2026-01-27T22:15:14.4452294Z   git switch -c <new-branch-name>
2026-01-27T22:15:14.4452715Z 
2026-01-27T22:15:14.4452958Z Or undo this operation with:
2026-01-27T22:15:14.4453267Z 
2026-01-27T22:15:14.4453699Z   git switch -
2026-01-27T22:15:14.4453944Z 
2026-01-27T22:15:14.4454340Z Turn off this advice by setting config variable advice.detachedHead to false
2026-01-27T22:15:14.4454944Z 
2026-01-27T22:15:14.4455572Z HEAD is now at fb3e8d7 Merge 7aa2307c8e3c33ac1087a07e8fca2316621972a2 into 595a2314ea4b76068cde435823e7a5c39c426f9f
2026-01-27T22:15:14.4457792Z ##[endgroup]
2026-01-27T22:15:14.4491705Z [command]/usr/bin/git log -1 --format=%H
2026-01-27T22:15:14.4513362Z fb3e8d79ed9a274e6f0bf0038d04125d871ac190
2026-01-27T22:15:14.4756256Z ##[group]Run actions/cache@v4
2026-01-27T22:15:14.4756746Z with:
2026-01-27T22:15:14.4757116Z   path: /flutter-stable

2026-01-27T22:15:14.4757555Z   key: Linux-flutter-stable
2026-01-27T22:15:14.4758011Z   restore-keys: Linux-flutter-

2026-01-27T22:15:14.4758483Z   enableCrossOsArchive: false
2026-01-27T22:15:14.4758932Z   fail-on-cache-miss: false
2026-01-27T22:15:14.4759363Z   lookup-only: false
2026-01-27T22:15:14.4760025Z   save-always: false
2026-01-27T22:15:14.4760422Z ##[endgroup]
2026-01-27T22:15:14.6791779Z Cache not found for input keys: Linux-flutter-stable, Linux-flutter-
2026-01-27T22:15:14.6905061Z ##[group]Run set -e
2026-01-27T22:15:14.6906080Z [36;1mset -e[0m
2026-01-27T22:15:14.6906999Z [36;1mFLUTTER_DIR="/flutter-stable"[0m
2026-01-27T22:15:14.6908242Z [36;1mif [ ! -d "$FLUTTER_DIR" ]; then[0m
2026-01-27T22:15:14.6910394Z [36;1m  git clone --depth 1 https://github.com/flutter/flutter.git -b stable "$FLUTTER_DIR"[0m
2026-01-27T22:15:14.6912335Z [36;1mfi[0m
2026-01-27T22:15:14.6913262Z [36;1mecho "$FLUTTER_DIR/bin" >> $GITHUB_PATH[0m
2026-01-27T22:15:14.6914546Z [36;1mflutter --version[0m
2026-01-27T22:15:14.6915567Z [36;1mflutter doctor -v[0m
2026-01-27T22:15:14.6916574Z [36;1mflutter precache[0m
2026-01-27T22:15:14.6952823Z shell: /usr/bin/bash -e {0}
2026-01-27T22:15:14.6953845Z ##[endgroup]
2026-01-27T22:15:14.7045335Z fatal: could not create work tree dir '/flutter-stable': Permission denied
2026-01-27T22:15:14.7066268Z ##[error]Process completed with exit code 128.
2026-01-27T22:15:14.7408814Z Post job cleanup.
2026-01-27T22:15:14.8361222Z [command]/usr/bin/git version
2026-01-27T22:15:14.8397814Z git version 2.52.0
2026-01-27T22:15:14.8444162Z Temporarily overriding HOME='/home/runner/work/_temp/6d0c1696-78d4-46af-ab1a-7fa7ece2b8c4' before making global git config changes
2026-01-27T22:15:14.8449082Z Adding repository directory to the temporary git global config as a safe directory
2026-01-27T22:15:14.8457683Z [command]/usr/bin/git config --global --add safe.directory /home/runner/work/Matsjekk/Matsjekk
2026-01-27T22:15:14.8493867Z [command]/usr/bin/git config --local --name-only --get-regexp core\.sshCommand
2026-01-27T22:15:14.8529829Z [command]/usr/bin/git submodule foreach --recursive sh -c "git config --local --name-only --get-regexp 'core\.sshCommand' && git config --local --unset-all 'core.sshCommand' || :"
2026-01-27T22:15:14.8756701Z [command]/usr/bin/git config --local --name-only --get-regexp http\.https\:\/\/github\.com\/\.extraheader
2026-01-27T22:15:14.8777158Z http.https://github.com/.extraheader
2026-01-27T22:15:14.8790447Z [command]/usr/bin/git config --local --unset-all http.https://github.com/.extraheader
2026-01-27T22:15:14.8825323Z [command]/usr/bin/git submodule foreach --recursive sh -c "git config --local --name-only --get-regexp 'http\.https\:\/\/github\.com\/\.extraheader' && git config --local --unset-all 'http.https://github.com/.extraheader' || :"
2026-01-27T22:15:14.9040882Z [command]/usr/bin/git config --local --name-only --get-regexp ^includeIf\.gitdir:
2026-01-27T22:15:14.9071561Z [command]/usr/bin/git submodule foreach --recursive git config --local --show-origin --name-only --get-regexp remote.origin.url
2026-01-27T22:15:14.9413017Z Cleaning up orphan processes
